86 experiments/CorpusParser.java
82 experiments/EntityExperiment.java
5 experiments/Experiment.java
66 experiments/MCMCToyExperiment.java
74 experiments/NYTExperiment.java
5 experiments/Result.java
65 experiments/RSToyExperiment.java
12 experiments/ToyExperimentResult.java
28 generator/BetaSparsityGenerator.java
19 generator/ConstantSparsityGenerator.java
7 generator/SparsityGenerator.java
132 generator/WorldGenerator.java
70 inference/Inferer.java
85 inference/MCMCInferer.java
187 inference/ModelFunctions.java
58 inference/ObserveProb.java
96 inference/PrecisionRecallCurve.java
7 inference/Query.java
28 inference/QueryResult.java
37 inference/RandomVariablesIterator.java
75 inference/RejectionSamplingInferer.java
77 inference/RelationTriggersObserver.java
26 inference/SentenceSameRelationQuery.java
48 inference/SentenceSameRelations.java
91 inference/TriggerRelationQuery.java
7 inference/WorldObserver.java
33 mh/BetaSparsityRV.java
83 mh/ChangeFactRelationProposal.java
19 mh/ChangeFactRelationStep.java
84 mh/FactRV.java
86 mh/GeneralMHStep.java
36 mh/MHProposal.java
7 mh/MHStep.java
187 mh/MHSteps.java
237 mh/RadicalProposal.java
23 mh/RadicalStep.java
82 mh/SentenceOriginRV.java
42 mh/WeightedLexiconRV.java
66 random/DirichletDistr.java
61 random/RandomUtil.java
39 util/BooleanCounter.java
16 util/Counter.java
97 util/LogProbMap.java
71 util/NormalProbMap.java
14 util/ProbMap.java
100 util/RandomAccessHashSet.java
147 util/Util.java
47 world/ArgPair.java
9 world/Evidence.java
90 world/Fact.java
128 world/Facts.java
61 world/LexEntropy.java
68 world/Lexicon.java
47 world/Noun.java
74 world/Nouns.java
11 world/NullEvidence.java
51 world/Relation.java
50 world/Relations.java
52 world/SampleEntropy.java
53 world/SentenceConstraint.java
94 world/SentenceEvidence.java
129 world/Sentence.java
155 world/Sentences.java
48 world/Trigger.java
52 world/UnorderedSentencePair.java
112 world/WeightedLexicon.java
74 world/WeightedLexicons.java
100 world/World.java
109 world/WorldProb.java
