Sampling worlds and binning by lexical entropy...
++Iteration: (0 / 2000)
++Iteration: (200 / 2000)
++Iteration: (400 / 2000)
++Iteration: (600 / 2000)
++Iteration: (800 / 2000)
++Iteration: (1000 / 2000)
++Iteration: (1200 / 2000)
++Iteration: (1400 / 2000)
++Iteration: (1600 / 2000)
++Iteration: (1800 / 2000)
entropy bin 0.1 (actual 0.101): 60 sentences, precision at last point 0.494
++Iteration: (0 / 2000)
++Iteration: (200 / 2000)
++Iteration: (400 / 2000)
++Iteration: (600 / 2000)
++Iteration: (800 / 2000)
++Iteration: (1000 / 2000)
++Iteration: (1200 / 2000)
++Iteration: (1400 / 2000)
++Iteration: (1600 / 2000)
++Iteration: (1800 / 2000)
entropy bin 0.1 (actual 0.102): 60 sentences, precision at last point 0.528
++Iteration: (0 / 2000)
++Iteration: (200 / 2000)
++Iteration: (400 / 2000)
++Iteration: (600 / 2000)
++Iteration: (800 / 2000)
++Iteration: (1000 / 2000)
++Iteration: (1200 / 2000)
++Iteration: (1400 / 2000)
++Iteration: (1600 / 2000)
++Iteration: (1800 / 2000)
entropy bin 0.1 (actual 0.105): 60 sentences, precision at last point 0.494
++Iteration: (0 / 2000)
++Iteration: (200 / 2000)
++Iteration: (400 / 2000)
++Iteration: (600 / 2000)
++Iteration: (800 / 2000)
++Iteration: (1000 / 2000)
++Iteration: (1200 / 2000)
++Iteration: (1400 / 2000)
++Iteration: (1600 / 2000)
++Iteration: (1800 / 2000)
entropy bin 0.1 (actual 0.106): 60 sentences, precision at last point 0.512
++Iteration: (0 / 2000)
++Iteration: (200 / 2000)
++Iteration: (400 / 2000)
++Iteration: (600 / 2000)
++Iteration: (800 / 2000)
++Iteration: (1000 / 2000)
++Iteration: (1200 / 2000)
++Iteration: (1400 / 2000)
++Iteration: (1600 / 2000)
++Iteration: (1800 / 2000)
entropy bin 0.1 (actual 0.114): 60 sentences, precision at last point 0.497
++Iteration: (0 / 2000)
++Iteration: (200 / 2000)
++Iteration: (400 / 2000)
++Iteration: (600 / 2000)
++Iteration: (800 / 2000)
++Iteration: (1000 / 2000)
++Iteration: (1200 / 2000)
++Iteration: (1400 / 2000)
++Iteration: (1600 / 2000)
++Iteration: (1800 / 2000)
entropy bin 0.1 (actual 0.115): 60 sentences, precision at last point 0.492
++Iteration: (0 / 2000)
++Iteration: (200 / 2000)
++Iteration: (400 / 2000)
++Iteration: (600 / 2000)
++Iteration: (800 / 2000)
++Iteration: (1000 / 2000)
++Iteration: (1200 / 2000)
++Iteration: (1400 / 2000)
++Iteration: (1600 / 2000)
++Iteration: (1800 / 2000)
entropy bin 0.1 (actual 0.122): 60 sentences, precision at last point 0.506
++Iteration: (0 / 2000)
++Iteration: (200 / 2000)
++Iteration: (400 / 2000)
++Iteration: (600 / 2000)
++Iteration: (800 / 2000)
++Iteration: (1000 / 2000)
++Iteration: (1200 / 2000)
++Iteration: (1400 / 2000)
++Iteration: (1600 / 2000)
++Iteration: (1800 / 2000)
entropy bin 0.1 (actual 0.131): 60 sentences, precision at last point 0.501
entropy bin 0.1: 8 of 19 candidate worlds used
++Iteration: (0 / 2000)
++Iteration: (200 / 2000)
++Iteration: (400 / 2000)
++Iteration: (600 / 2000)
++Iteration: (800 / 2000)
++Iteration: (1000 / 2000)
++Iteration: (1200 / 2000)
++Iteration: (1400 / 2000)
++Iteration: (1600 / 2000)
++Iteration: (1800 / 2000)
entropy bin 0.3 (actual 0.300): 60 sentences, precision at last point 0.501
++Iteration: (0 / 2000)
++Iteration: (200 / 2000)
++Iteration: (400 / 2000)
++Iteration: (600 / 2000)
++Iteration: (800 / 2000)
++Iteration: (1000 / 2000)
++Iteration: (1200 / 2000)
++Iteration: (1400 / 2000)
++Iteration: (1600 / 2000)
++Iteration: (1800 / 2000)
entropy bin 0.3 (actual 0.301): 60 sentences, precision at last point 0.506
++Iteration: (0 / 2000)
++Iteration: (200 / 2000)
++Iteration: (400 / 2000)
++Iteration: (600 / 2000)
++Iteration: (800 / 2000)
++Iteration: (1000 / 2000)
++Iteration: (1200 / 2000)
++Iteration: (1400 / 2000)
++Iteration: (1600 / 2000)
++Iteration: (1800 / 2000)
entropy bin 0.3 (actual 0.302): 60 sentences, precision at last point 0.512
++Iteration: (0 / 2000)
++Iteration: (200 / 2000)
++Iteration: (400 / 2000)
++Iteration: (600 / 2000)
++Iteration: (800 / 2000)
++Iteration: (1000 / 2000)
++Iteration: (1200 / 2000)
++Iteration: (1400 / 2000)
++Iteration: (1600 / 2000)
++Iteration: (1800 / 2000)
entropy bin 0.3 (actual 0.302): 60 sentences, precision at last point 0.537
++Iteration: (0 / 2000)
++Iteration: (200 / 2000)
++Iteration: (400 / 2000)
++Iteration: (600 / 2000)
++Iteration: (800 / 2000)
++Iteration: (1000 / 2000)
++Iteration: (1200 / 2000)
++Iteration: (1400 / 2000)
++Iteration: (1600 / 2000)
++Iteration: (1800 / 2000)
entropy bin 0.3 (actual 0.303): 60 sentences, precision at last point 0.560
++Iteration: (0 / 2000)
++Iteration: (200 / 2000)
++Iteration: (400 / 2000)
++Iteration: (600 / 2000)
++Iteration: (800 / 2000)
++Iteration: (1000 / 2000)
++Iteration: (1200 / 2000)
++Iteration: (1400 / 2000)
++Iteration: (1600 / 2000)
++Iteration: (1800 / 2000)
entropy bin 0.3 (actual 0.303): 60 sentences, precision at last point 0.501
++Iteration: (0 / 2000)
++Iteration: (200 / 2000)
++Iteration: (400 / 2000)
++Iteration: (600 / 2000)
++Iteration: (800 / 2000)
++Iteration: (1000 / 2000)
++Iteration: (1200 / 2000)
++Iteration: (1400 / 2000)
++Iteration: (1600 / 2000)
++Iteration: (1800 / 2000)
entropy bin 0.3 (actual 0.304): 60 sentences, precision at last point 0.512
++Iteration: (0 / 2000)
++Iteration: (200 / 2000)
++Iteration: (400 / 2000)
++Iteration: (600 / 2000)
++Iteration: (800 / 2000)
++Iteration: (1000 / 2000)
++Iteration: (1200 / 2000)
++Iteration: (1400 / 2000)
++Iteration: (1600 / 2000)
++Iteration: (1800 / 2000)
entropy bin 0.3 (actual 0.304): 60 sentences, precision at last point 0.512
entropy bin 0.3: 8 of 176 candidate worlds used
++Iteration: (0 / 2000)
++Iteration: (200 / 2000)
++Iteration: (400 / 2000)
++Iteration: (600 / 2000)
++Iteration: (800 / 2000)
++Iteration: (1000 / 2000)
++Iteration: (1200 / 2000)
++Iteration: (1400 / 2000)
++Iteration: (1600 / 2000)
++Iteration: (1800 / 2000)
entropy bin 0.5 (actual 0.500): 60 sentences, precision at last point 0.492
++Iteration: (0 / 2000)
++Iteration: (200 / 2000)
++Iteration: (400 / 2000)
++Iteration: (600 / 2000)
++Iteration: (800 / 2000)
++Iteration: (1000 / 2000)
++Iteration: (1200 / 2000)
++Iteration: (1400 / 2000)
++Iteration: (1600 / 2000)
++Iteration: (1800 / 2000)
entropy bin 0.5 (actual 0.500): 60 sentences, precision at last point 0.492
++Iteration: (0 / 2000)
++Iteration: (200 / 2000)
++Iteration: (400 / 2000)
++Iteration: (600 / 2000)
++Iteration: (800 / 2000)
++Iteration: (1000 / 2000)
++Iteration: (1200 / 2000)
++Iteration: (1400 / 2000)
++Iteration: (1600 / 2000)
++Iteration: (1800 / 2000)
entropy bin 0.5 (actual 0.501): 60 sentences, precision at last point 0.528
++Iteration: (0 / 2000)
++Iteration: (200 / 2000)
++Iteration: (400 / 2000)
++Iteration: (600 / 2000)
++Iteration: (800 / 2000)
++Iteration: (1000 / 2000)
++Iteration: (1200 / 2000)
++Iteration: (1400 / 2000)
++Iteration: (1600 / 2000)
++Iteration: (1800 / 2000)
entropy bin 0.5 (actual 0.501): 60 sentences, precision at last point 0.494
++Iteration: (0 / 2000)
++Iteration: (200 / 2000)
++Iteration: (400 / 2000)
++Iteration: (600 / 2000)
++Iteration: (800 / 2000)
++Iteration: (1000 / 2000)
++Iteration: (1200 / 2000)
++Iteration: (1400 / 2000)
++Iteration: (1600 / 2000)
++Iteration: (1800 / 2000)
entropy bin 0.5 (actual 0.501): 60 sentences, precision at last point 0.497
++Iteration: (0 / 2000)
++Iteration: (200 / 2000)
++Iteration: (400 / 2000)
++Iteration: (600 / 2000)
++Iteration: (800 / 2000)
++Iteration: (1000 / 2000)
++Iteration: (1200 / 2000)
++Iteration: (1400 / 2000)
++Iteration: (1600 / 2000)
++Iteration: (1800 / 2000)
entropy bin 0.5 (actual 0.501): 60 sentences, precision at last point 0.494
++Iteration: (0 / 2000)
++Iteration: (200 / 2000)
++Iteration: (400 / 2000)
++Iteration: (600 / 2000)
++Iteration: (800 / 2000)
++Iteration: (1000 / 2000)
++Iteration: (1200 / 2000)
++Iteration: (1400 / 2000)
++Iteration: (1600 / 2000)
++Iteration: (1800 / 2000)
entropy bin 0.5 (actual 0.501): 60 sentences, precision at last point 0.506
++Iteration: (0 / 2000)
++Iteration: (200 / 2000)
++Iteration: (400 / 2000)
++Iteration: (600 / 2000)
++Iteration: (800 / 2000)
++Iteration: (1000 / 2000)
++Iteration: (1200 / 2000)
++Iteration: (1400 / 2000)
++Iteration: (1600 / 2000)
++Iteration: (1800 / 2000)
entropy bin 0.5 (actual 0.501): 60 sentences, precision at last point 0.492
entropy bin 0.5: 8 of 367 candidate worlds used
++Iteration: (0 / 2000)
++Iteration: (200 / 2000)
++Iteration: (400 / 2000)
++Iteration: (600 / 2000)
++Iteration: (800 / 2000)
++Iteration: (1000 / 2000)
++Iteration: (1200 / 2000)
++Iteration: (1400 / 2000)
++Iteration: (1600 / 2000)
++Iteration: (1800 / 2000)
entropy bin 0.7 (actual 0.700): 60 sentences, precision at last point 0.512
++Iteration: (0 / 2000)
++Iteration: (200 / 2000)
++Iteration: (400 / 2000)
++Iteration: (600 / 2000)
++Iteration: (800 / 2000)
++Iteration: (1000 / 2000)
++Iteration: (1200 / 2000)
++Iteration: (1400 / 2000)
++Iteration: (1600 / 2000)
++Iteration: (1800 / 2000)
entropy bin 0.7 (actual 0.700): 60 sentences, precision at last point 0.492
++Iteration: (0 / 2000)
++Iteration: (200 / 2000)
++Iteration: (400 / 2000)
++Iteration: (600 / 2000)
++Iteration: (800 / 2000)
++Iteration: (1000 / 2000)
++Iteration: (1200 / 2000)
++Iteration: (1400 / 2000)
++Iteration: (1600 / 2000)
++Iteration: (1800 / 2000)
entropy bin 0.7 (actual 0.700): 60 sentences, precision at last point 0.506
++Iteration: (0 / 2000)
++Iteration: (200 / 2000)
++Iteration: (400 / 2000)
++Iteration: (600 / 2000)
++Iteration: (800 / 2000)
++Iteration: (1000 / 2000)
++Iteration: (1200 / 2000)
++Iteration: (1400 / 2000)
++Iteration: (1600 / 2000)
++Iteration: (1800 / 2000)
entropy bin 0.7 (actual 0.700): 60 sentences, precision at last point 0.492
++Iteration: (0 / 2000)
++Iteration: (200 / 2000)
++Iteration: (400 / 2000)
++Iteration: (600 / 2000)
++Iteration: (800 / 2000)
++Iteration: (1000 / 2000)
++Iteration: (1200 / 2000)
++Iteration: (1400 / 2000)
++Iteration: (1600 / 2000)
++Iteration: (1800 / 2000)
entropy bin 0.7 (actual 0.701): 60 sentences, precision at last point 0.494
++Iteration: (0 / 2000)
++Iteration: (200 / 2000)
++Iteration: (400 / 2000)
++Iteration: (600 / 2000)
++Iteration: (800 / 2000)
++Iteration: (1000 / 2000)
++Iteration: (1200 / 2000)
++Iteration: (1400 / 2000)
++Iteration: (1600 / 2000)
++Iteration: (1800 / 2000)
entropy bin 0.7 (actual 0.701): 60 sentences, precision at last point 0.492
++Iteration: (0 / 2000)
++Iteration: (200 / 2000)
++Iteration: (400 / 2000)
++Iteration: (600 / 2000)
++Iteration: (800 / 2000)
++Iteration: (1000 / 2000)
++Iteration: (1200 / 2000)
++Iteration: (1400 / 2000)
++Iteration: (1600 / 2000)
++Iteration: (1800 / 2000)
entropy bin 0.7 (actual 0.701): 60 sentences, precision at last point 0.519
++Iteration: (0 / 2000)
++Iteration: (200 / 2000)
++Iteration: (400 / 2000)
++Iteration: (600 / 2000)
++Iteration: (800 / 2000)
++Iteration: (1000 / 2000)
++Iteration: (1200 / 2000)
++Iteration: (1400 / 2000)
++Iteration: (1600 / 2000)
++Iteration: (1800 / 2000)
entropy bin 0.7 (actual 0.701): 60 sentences, precision at last point 0.512
entropy bin 0.7: 8 of 466 candidate worlds used
++Iteration: (0 / 2000)
++Iteration: (200 / 2000)
++Iteration: (400 / 2000)
++Iteration: (600 / 2000)
++Iteration: (800 / 2000)
++Iteration: (1000 / 2000)
++Iteration: (1200 / 2000)
++Iteration: (1400 / 2000)
++Iteration: (1600 / 2000)
++Iteration: (1800 / 2000)
entropy bin 0.9 (actual 0.900): 60 sentences, precision at last point 0.494
++Iteration: (0 / 2000)
++Iteration: (200 / 2000)
++Iteration: (400 / 2000)
++Iteration: (600 / 2000)
++Iteration: (800 / 2000)
++Iteration: (1000 / 2000)
++Iteration: (1200 / 2000)
++Iteration: (1400 / 2000)
++Iteration: (1600 / 2000)
++Iteration: (1800 / 2000)
entropy bin 0.9 (actual 0.900): 60 sentences, precision at last point 0.528
++Iteration: (0 / 2000)
++Iteration: (200 / 2000)
++Iteration: (400 / 2000)
++Iteration: (600 / 2000)
++Iteration: (800 / 2000)
++Iteration: (1000 / 2000)
++Iteration: (1200 / 2000)
++Iteration: (1400 / 2000)
++Iteration: (1600 / 2000)
++Iteration: (1800 / 2000)
entropy bin 0.9 (actual 0.901): 60 sentences, precision at last point 0.506
++Iteration: (0 / 2000)
++Iteration: (200 / 2000)
++Iteration: (400 / 2000)
++Iteration: (600 / 2000)
++Iteration: (800 / 2000)
++Iteration: (1000 / 2000)
++Iteration: (1200 / 2000)
++Iteration: (1400 / 2000)
++Iteration: (1600 / 2000)
++Iteration: (1800 / 2000)
entropy bin 0.9 (actual 0.901): 60 sentences, precision at last point 0.494
++Iteration: (0 / 2000)
++Iteration: (200 / 2000)
++Iteration: (400 / 2000)
++Iteration: (600 / 2000)
++Iteration: (800 / 2000)
++Iteration: (1000 / 2000)
++Iteration: (1200 / 2000)
++Iteration: (1400 / 2000)
++Iteration: (1600 / 2000)
++Iteration: (1800 / 2000)
entropy bin 0.9 (actual 0.901): 60 sentences, precision at last point 0.512
++Iteration: (0 / 2000)
++Iteration: (200 / 2000)
++Iteration: (400 / 2000)
++Iteration: (600 / 2000)
++Iteration: (800 / 2000)
++Iteration: (1000 / 2000)
++Iteration: (1200 / 2000)
++Iteration: (1400 / 2000)
++Iteration: (1600 / 2000)
++Iteration: (1800 / 2000)
entropy bin 0.9 (actual 0.901): 60 sentences, precision at last point 0.494
++Iteration: (0 / 2000)
++Iteration: (200 / 2000)
++Iteration: (400 / 2000)
++Iteration: (600 / 2000)
++Iteration: (800 / 2000)
++Iteration: (1000 / 2000)
++Iteration: (1200 / 2000)
++Iteration: (1400 / 2000)
++Iteration: (1600 / 2000)
++Iteration: (1800 / 2000)
entropy bin 0.9 (actual 0.901): 60 sentences, precision at last point 0.497
++Iteration: (0 / 2000)
++Iteration: (200 / 2000)
++Iteration: (400 / 2000)
++Iteration: (600 / 2000)
++Iteration: (800 / 2000)
++Iteration: (1000 / 2000)
++Iteration: (1200 / 2000)
++Iteration: (1400 / 2000)
++Iteration: (1600 / 2000)
++Iteration: (1800 / 2000)
entropy bin 0.9 (actual 0.902): 60 sentences, precision at last point 0.506
entropy bin 0.9: 8 of 284 candidate worlds used
Wrote prec_recall.out
