The configuration:
  Number of Entity: 10
  Number of Relations: 4
  Prior for Entities: 0.001000
  Prior for Relation: 0.100000
  Sparsity of facts: 0.001000
  Number of Iterations: 100
  Relation pool size: 8
  Sparsity prior: Beta(1.000000, 100.000000)
  Entity phase fraction: 0.10, moves per iteration: 100
================================================================
The evidence in corpus:
  Size of nouns: 10
  Size of lexicons: 5
  Number of argument pairs: 12
  Number of sentences: 60
================================================================
{"seed":20260912,"freezeArgumentEntities":true,"entity_iterations":0,"relation_iterations":90,"entity_proposals":0,"relation_proposals":9000,"post_entity_changed_argument_mentions":0,"final_changed_argument_mentions":0,"synchronization_changes":0,"acceptance_report":"relation splits 66/311 accepted, merges 62/104 accepted","sentenceRelationMoveWeight":1.0,"sentence_relation_move_report":"sentence relation bridge 89/1830 accepted; 6 unreferenced targets blocked"}
++Iteration: (0 / 90)
++Iteration: (9 / 90)
++Iteration: (18 / 90)
++Iteration: (27 / 90)
++Iteration: (36 / 90)
++Iteration: (45 / 90)
++Iteration: (54 / 90)
++Iteration: (63 / 90)
++Iteration: (72 / 90)
++Iteration: (81 / 90)
